[2026-04-29 21:54:19,778] ERROR django.security.DisallowedHost Invalid HTTP_HOST header: 'localhost:8000'. You may need to add 'localhost' to ALLOWED_HOSTS.
Traceback (most recent call last):
  File "C:\_proyectos\p-kab\back\venv\Lib\site-packages\asgiref\sync.py", line 552, in thread_handler
    raise exc_info[1]
  File "C:\_proyectos\p-kab\back\venv\Lib\site-packages\django\core\handlers\exception.py", line 42, in inner
    response = await get_response(request)
               ^^^^^^^^^^^^^^^^^^^^^^^^^^^
  File "C:\_proyectos\p-kab\back\venv\Lib\site-packages\django\utils\deprecation.py", line 132, in __acall__
    response = await sync_to_async(
               ^^^^^^^^^^^^^^^^^^^^
    ...<2 lines>...
    )(request)
    ^^^^^^^^^^
  File "C:\_proyectos\p-kab\back\venv\Lib\site-packages\asgiref\sync.py", line 502, in __call__
    ret = await asyncio.shield(exec_coro)
          ^^^^^^^^^^^^^^^^^^^^^^^^^^^^^^^
  File "C:\_proyectos\p-kab\back\venv\Lib\site-packages\asgiref\current_thread_executor.py", line 40, in run
    result = self.fn(*self.args, **self.kwargs)
  File "C:\_proyectos\p-kab\back\venv\Lib\site-packages\asgiref\sync.py", line 556, in thread_handler
    return func(*args, **kwargs)
  File "C:\_proyectos\p-kab\back\venv\Lib\site-packages\django\middleware\common.py", line 48, in process_request
    host = request.get_host()
  File "C:\_proyectos\p-kab\back\venv\Lib\site-packages\django\http\request.py", line 202, in get_host
    raise DisallowedHost(msg)
django.core.exceptions.DisallowedHost: Invalid HTTP_HOST header: 'localhost:8000'. You may need to add 'localhost' to ALLOWED_HOSTS.
[2026-04-29 21:54:22,853] ERROR django.security.DisallowedHost Invalid HTTP_HOST header: 'localhost:8000'. You may need to add 'localhost' to ALLOWED_HOSTS.
Traceback (most recent call last):
  File "C:\_proyectos\p-kab\back\venv\Lib\site-packages\asgiref\sync.py", line 552, in thread_handler
    raise exc_info[1]
  File "C:\_proyectos\p-kab\back\venv\Lib\site-packages\django\core\handlers\exception.py", line 42, in inner
    response = await get_response(request)
               ^^^^^^^^^^^^^^^^^^^^^^^^^^^
  File "C:\_proyectos\p-kab\back\venv\Lib\site-packages\django\utils\deprecation.py", line 132, in __acall__
    response = await sync_to_async(
               ^^^^^^^^^^^^^^^^^^^^
    ...<2 lines>...
    )(request)
    ^^^^^^^^^^
  File "C:\_proyectos\p-kab\back\venv\Lib\site-packages\asgiref\sync.py", line 502, in __call__
    ret = await asyncio.shield(exec_coro)
          ^^^^^^^^^^^^^^^^^^^^^^^^^^^^^^^
  File "C:\_proyectos\p-kab\back\venv\Lib\site-packages\asgiref\current_thread_executor.py", line 40, in run
    result = self.fn(*self.args, **self.kwargs)
  File "C:\_proyectos\p-kab\back\venv\Lib\site-packages\asgiref\sync.py", line 556, in thread_handler
    return func(*args, **kwargs)
  File "C:\_proyectos\p-kab\back\venv\Lib\site-packages\django\middleware\common.py", line 48, in process_request
    host = request.get_host()
  File "C:\_proyectos\p-kab\back\venv\Lib\site-packages\django\http\request.py", line 202, in get_host
    raise DisallowedHost(msg)
django.core.exceptions.DisallowedHost: Invalid HTTP_HOST header: 'localhost:8000'. You may need to add 'localhost' to ALLOWED_HOSTS.
[2026-05-01 12:38:46,381] ERROR django.request Internal Server Error: /api/docs/
Traceback (most recent call last):
  File "C:\_proyectos\p-kab\back\venv\Lib\site-packages\asgiref\sync.py", line 552, in thread_handler
    raise exc_info[1]
  File "C:\_proyectos\p-kab\back\venv\Lib\site-packages\django\core\handlers\exception.py", line 42, in inner
    response = await get_response(request)
               ^^^^^^^^^^^^^^^^^^^^^^^^^^^
  File "C:\_proyectos\p-kab\back\venv\Lib\site-packages\asgiref\sync.py", line 552, in thread_handler
    raise exc_info[1]
  File "C:\_proyectos\p-kab\back\venv\Lib\site-packages\django\core\handlers\base.py", line 284, in _get_response_async
    response = await sync_to_async(
               ^^^^^^^^^^^^^^^^^^^^
        response.render, thread_sensitive=True
        ^^^^^^^^^^^^^^^^^^^^^^^^^^^^^^^^^^^^^^
    )()
    ^^^
  File "C:\_proyectos\p-kab\back\venv\Lib\site-packages\asgiref\sync.py", line 502, in __call__
    ret = await asyncio.shield(exec_coro)
          ^^^^^^^^^^^^^^^^^^^^^^^^^^^^^^^
  File "C:\_proyectos\p-kab\back\venv\Lib\site-packages\asgiref\current_thread_executor.py", line 40, in run
    result = self.fn(*self.args, **self.kwargs)
  File "C:\_proyectos\p-kab\back\venv\Lib\site-packages\asgiref\sync.py", line 556, in thread_handler
    return func(*args, **kwargs)
  File "C:\_proyectos\p-kab\back\venv\Lib\site-packages\django\template\response.py", line 114, in render
    self.content = self.rendered_content
                   ^^^^^^^^^^^^^^^^^^^^^
  File "C:\_proyectos\p-kab\back\venv\Lib\site-packages\rest_framework\response.py", line 74, in rendered_content
    ret = renderer.render(self.data, accepted_media_type, context)
  File "C:\_proyectos\p-kab\back\venv\Lib\site-packages\rest_framework\renderers.py", line 160, in render
    template = self.resolve_template(template_names)
  File "C:\_proyectos\p-kab\back\venv\Lib\site-packages\rest_framework\renderers.py", line 170, in resolve_template
    return loader.select_template(template_names)
           ~~~~~~~~~~~~~~~~~~~~~~^^^^^^^^^^^^^^^^
  File "C:\_proyectos\p-kab\back\venv\Lib\site-packages\django\template\loader.py", line 47, in select_template
    raise TemplateDoesNotExist(", ".join(template_name_list), chain=chain)
django.template.exceptions.TemplateDoesNotExist: drf_spectacular/swagger_ui.html
[2026-05-01 12:40:28,638] ERROR django.request Internal Server Error: /api/docs/
Traceback (most recent call last):
  File "C:\_proyectos\p-kab\back\venv\Lib\site-packages\asgiref\sync.py", line 552, in thread_handler
    raise exc_info[1]
  File "C:\_proyectos\p-kab\back\venv\Lib\site-packages\django\core\handlers\exception.py", line 42, in inner
    response = await get_response(request)
               ^^^^^^^^^^^^^^^^^^^^^^^^^^^
  File "C:\_proyectos\p-kab\back\venv\Lib\site-packages\asgiref\sync.py", line 552, in thread_handler
    raise exc_info[1]
  File "C:\_proyectos\p-kab\back\venv\Lib\site-packages\django\core\handlers\base.py", line 284, in _get_response_async
    response = await sync_to_async(
               ^^^^^^^^^^^^^^^^^^^^
        response.render, thread_sensitive=True
        ^^^^^^^^^^^^^^^^^^^^^^^^^^^^^^^^^^^^^^
    )()
    ^^^
  File "C:\_proyectos\p-kab\back\venv\Lib\site-packages\asgiref\sync.py", line 502, in __call__
    ret = await asyncio.shield(exec_coro)
          ^^^^^^^^^^^^^^^^^^^^^^^^^^^^^^^
  File "C:\_proyectos\p-kab\back\venv\Lib\site-packages\asgiref\current_thread_executor.py", line 40, in run
    result = self.fn(*self.args, **self.kwargs)
  File "C:\_proyectos\p-kab\back\venv\Lib\site-packages\asgiref\sync.py", line 556, in thread_handler
    return func(*args, **kwargs)
  File "C:\_proyectos\p-kab\back\venv\Lib\site-packages\django\template\response.py", line 114, in render
    self.content = self.rendered_content
                   ^^^^^^^^^^^^^^^^^^^^^
  File "C:\_proyectos\p-kab\back\venv\Lib\site-packages\rest_framework\response.py", line 74, in rendered_content
    ret = renderer.render(self.data, accepted_media_type, context)
  File "C:\_proyectos\p-kab\back\venv\Lib\site-packages\rest_framework\renderers.py", line 160, in render
    template = self.resolve_template(template_names)
  File "C:\_proyectos\p-kab\back\venv\Lib\site-packages\rest_framework\renderers.py", line 170, in resolve_template
    return loader.select_template(template_names)
           ~~~~~~~~~~~~~~~~~~~~~~^^^^^^^^^^^^^^^^
  File "C:\_proyectos\p-kab\back\venv\Lib\site-packages\django\template\loader.py", line 47, in select_template
    raise TemplateDoesNotExist(", ".join(template_name_list), chain=chain)
django.template.exceptions.TemplateDoesNotExist: drf_spectacular/swagger_ui.html
[2026-05-01 12:40:30,558] ERROR django.request Internal Server Error: /api/docs/
Traceback (most recent call last):
  File "C:\_proyectos\p-kab\back\venv\Lib\site-packages\asgiref\sync.py", line 552, in thread_handler
    raise exc_info[1]
  File "C:\_proyectos\p-kab\back\venv\Lib\site-packages\django\core\handlers\exception.py", line 42, in inner
    response = await get_response(request)
               ^^^^^^^^^^^^^^^^^^^^^^^^^^^
  File "C:\_proyectos\p-kab\back\venv\Lib\site-packages\asgiref\sync.py", line 552, in thread_handler
    raise exc_info[1]
  File "C:\_proyectos\p-kab\back\venv\Lib\site-packages\django\core\handlers\base.py", line 284, in _get_response_async
    response = await sync_to_async(
               ^^^^^^^^^^^^^^^^^^^^
        response.render, thread_sensitive=True
        ^^^^^^^^^^^^^^^^^^^^^^^^^^^^^^^^^^^^^^
    )()
    ^^^
  File "C:\_proyectos\p-kab\back\venv\Lib\site-packages\asgiref\sync.py", line 502, in __call__
    ret = await asyncio.shield(exec_coro)
          ^^^^^^^^^^^^^^^^^^^^^^^^^^^^^^^
  File "C:\_proyectos\p-kab\back\venv\Lib\site-packages\asgiref\current_thread_executor.py", line 40, in run
    result = self.fn(*self.args, **self.kwargs)
  File "C:\_proyectos\p-kab\back\venv\Lib\site-packages\asgiref\sync.py", line 556, in thread_handler
    return func(*args, **kwargs)
  File "C:\_proyectos\p-kab\back\venv\Lib\site-packages\django\template\response.py", line 114, in render
    self.content = self.rendered_content
                   ^^^^^^^^^^^^^^^^^^^^^
  File "C:\_proyectos\p-kab\back\venv\Lib\site-packages\rest_framework\response.py", line 74, in rendered_content
    ret = renderer.render(self.data, accepted_media_type, context)
  File "C:\_proyectos\p-kab\back\venv\Lib\site-packages\rest_framework\renderers.py", line 160, in render
    template = self.resolve_template(template_names)
  File "C:\_proyectos\p-kab\back\venv\Lib\site-packages\rest_framework\renderers.py", line 170, in resolve_template
    return loader.select_template(template_names)
           ~~~~~~~~~~~~~~~~~~~~~~^^^^^^^^^^^^^^^^
  File "C:\_proyectos\p-kab\back\venv\Lib\site-packages\django\template\loader.py", line 47, in select_template
    raise TemplateDoesNotExist(", ".join(template_name_list), chain=chain)
django.template.exceptions.TemplateDoesNotExist: drf_spectacular/swagger_ui.html
[2026-05-01 12:40:30,800] ERROR django.request Internal Server Error: /api/docs/
Traceback (most recent call last):
  File "C:\_proyectos\p-kab\back\venv\Lib\site-packages\asgiref\sync.py", line 552, in thread_handler
    raise exc_info[1]
  File "C:\_proyectos\p-kab\back\venv\Lib\site-packages\django\core\handlers\exception.py", line 42, in inner
    response = await get_response(request)
               ^^^^^^^^^^^^^^^^^^^^^^^^^^^
  File "C:\_proyectos\p-kab\back\venv\Lib\site-packages\asgiref\sync.py", line 552, in thread_handler
    raise exc_info[1]
  File "C:\_proyectos\p-kab\back\venv\Lib\site-packages\django\core\handlers\base.py", line 284, in _get_response_async
    response = await sync_to_async(
               ^^^^^^^^^^^^^^^^^^^^
        response.render, thread_sensitive=True
        ^^^^^^^^^^^^^^^^^^^^^^^^^^^^^^^^^^^^^^
    )()
    ^^^
  File "C:\_proyectos\p-kab\back\venv\Lib\site-packages\asgiref\sync.py", line 502, in __call__
    ret = await asyncio.shield(exec_coro)
          ^^^^^^^^^^^^^^^^^^^^^^^^^^^^^^^
  File "C:\_proyectos\p-kab\back\venv\Lib\site-packages\asgiref\current_thread_executor.py", line 40, in run
    result = self.fn(*self.args, **self.kwargs)
  File "C:\_proyectos\p-kab\back\venv\Lib\site-packages\asgiref\sync.py", line 556, in thread_handler
    return func(*args, **kwargs)
  File "C:\_proyectos\p-kab\back\venv\Lib\site-packages\django\template\response.py", line 114, in render
    self.content = self.rendered_content
                   ^^^^^^^^^^^^^^^^^^^^^
  File "C:\_proyectos\p-kab\back\venv\Lib\site-packages\rest_framework\response.py", line 74, in rendered_content
    ret = renderer.render(self.data, accepted_media_type, context)
  File "C:\_proyectos\p-kab\back\venv\Lib\site-packages\rest_framework\renderers.py", line 160, in render
    template = self.resolve_template(template_names)
  File "C:\_proyectos\p-kab\back\venv\Lib\site-packages\rest_framework\renderers.py", line 170, in resolve_template
    return loader.select_template(template_names)
           ~~~~~~~~~~~~~~~~~~~~~~^^^^^^^^^^^^^^^^
  File "C:\_proyectos\p-kab\back\venv\Lib\site-packages\django\template\loader.py", line 47, in select_template
    raise TemplateDoesNotExist(", ".join(template_name_list), chain=chain)
django.template.exceptions.TemplateDoesNotExist: drf_spectacular/swagger_ui.html
[2026-05-01 12:40:31,007] ERROR django.request Internal Server Error: /api/docs/
Traceback (most recent call last):
  File "C:\_proyectos\p-kab\back\venv\Lib\site-packages\asgiref\sync.py", line 552, in thread_handler
    raise exc_info[1]
  File "C:\_proyectos\p-kab\back\venv\Lib\site-packages\django\core\handlers\exception.py", line 42, in inner
    response = await get_response(request)
               ^^^^^^^^^^^^^^^^^^^^^^^^^^^
  File "C:\_proyectos\p-kab\back\venv\Lib\site-packages\asgiref\sync.py", line 552, in thread_handler
    raise exc_info[1]
  File "C:\_proyectos\p-kab\back\venv\Lib\site-packages\django\core\handlers\base.py", line 284, in _get_response_async
    response = await sync_to_async(
               ^^^^^^^^^^^^^^^^^^^^
        response.render, thread_sensitive=True
        ^^^^^^^^^^^^^^^^^^^^^^^^^^^^^^^^^^^^^^
    )()
    ^^^
  File "C:\_proyectos\p-kab\back\venv\Lib\site-packages\asgiref\sync.py", line 502, in __call__
    ret = await asyncio.shield(exec_coro)
          ^^^^^^^^^^^^^^^^^^^^^^^^^^^^^^^
  File "C:\_proyectos\p-kab\back\venv\Lib\site-packages\asgiref\current_thread_executor.py", line 40, in run
    result = self.fn(*self.args, **self.kwargs)
  File "C:\_proyectos\p-kab\back\venv\Lib\site-packages\asgiref\sync.py", line 556, in thread_handler
    return func(*args, **kwargs)
  File "C:\_proyectos\p-kab\back\venv\Lib\site-packages\django\template\response.py", line 114, in render
    self.content = self.rendered_content
                   ^^^^^^^^^^^^^^^^^^^^^
  File "C:\_proyectos\p-kab\back\venv\Lib\site-packages\rest_framework\response.py", line 74, in rendered_content
    ret = renderer.render(self.data, accepted_media_type, context)
  File "C:\_proyectos\p-kab\back\venv\Lib\site-packages\rest_framework\renderers.py", line 160, in render
    template = self.resolve_template(template_names)
  File "C:\_proyectos\p-kab\back\venv\Lib\site-packages\rest_framework\renderers.py", line 170, in resolve_template
    return loader.select_template(template_names)
           ~~~~~~~~~~~~~~~~~~~~~~^^^^^^^^^^^^^^^^
  File "C:\_proyectos\p-kab\back\venv\Lib\site-packages\django\template\loader.py", line 47, in select_template
    raise TemplateDoesNotExist(", ".join(template_name_list), chain=chain)
django.template.exceptions.TemplateDoesNotExist: drf_spectacular/swagger_ui.html
[2026-05-01 12:40:31,202] ERROR django.request Internal Server Error: /api/docs/
Traceback (most recent call last):
  File "C:\_proyectos\p-kab\back\venv\Lib\site-packages\asgiref\sync.py", line 552, in thread_handler
    raise exc_info[1]
  File "C:\_proyectos\p-kab\back\venv\Lib\site-packages\django\core\handlers\exception.py", line 42, in inner
    response = await get_response(request)
               ^^^^^^^^^^^^^^^^^^^^^^^^^^^
  File "C:\_proyectos\p-kab\back\venv\Lib\site-packages\asgiref\sync.py", line 552, in thread_handler
    raise exc_info[1]
  File "C:\_proyectos\p-kab\back\venv\Lib\site-packages\django\core\handlers\base.py", line 284, in _get_response_async
    response = await sync_to_async(
               ^^^^^^^^^^^^^^^^^^^^
        response.render, thread_sensitive=True
        ^^^^^^^^^^^^^^^^^^^^^^^^^^^^^^^^^^^^^^
    )()
    ^^^
  File "C:\_proyectos\p-kab\back\venv\Lib\site-packages\asgiref\sync.py", line 502, in __call__
    ret = await asyncio.shield(exec_coro)
          ^^^^^^^^^^^^^^^^^^^^^^^^^^^^^^^
  File "C:\_proyectos\p-kab\back\venv\Lib\site-packages\asgiref\current_thread_executor.py", line 40, in run
    result = self.fn(*self.args, **self.kwargs)
  File "C:\_proyectos\p-kab\back\venv\Lib\site-packages\asgiref\sync.py", line 556, in thread_handler
    return func(*args, **kwargs)
  File "C:\_proyectos\p-kab\back\venv\Lib\site-packages\django\template\response.py", line 114, in render
    self.content = self.rendered_content
                   ^^^^^^^^^^^^^^^^^^^^^
  File "C:\_proyectos\p-kab\back\venv\Lib\site-packages\rest_framework\response.py", line 74, in rendered_content
    ret = renderer.render(self.data, accepted_media_type, context)
  File "C:\_proyectos\p-kab\back\venv\Lib\site-packages\rest_framework\renderers.py", line 160, in render
    template = self.resolve_template(template_names)
  File "C:\_proyectos\p-kab\back\venv\Lib\site-packages\rest_framework\renderers.py", line 170, in resolve_template
    return loader.select_template(template_names)
           ~~~~~~~~~~~~~~~~~~~~~~^^^^^^^^^^^^^^^^
  File "C:\_proyectos\p-kab\back\venv\Lib\site-packages\django\template\loader.py", line 47, in select_template
    raise TemplateDoesNotExist(", ".join(template_name_list), chain=chain)
django.template.exceptions.TemplateDoesNotExist: drf_spectacular/swagger_ui.html
[2026-05-01 12:40:31,375] ERROR django.request Internal Server Error: /api/docs/
Traceback (most recent call last):
  File "C:\_proyectos\p-kab\back\venv\Lib\site-packages\asgiref\sync.py", line 552, in thread_handler
    raise exc_info[1]
  File "C:\_proyectos\p-kab\back\venv\Lib\site-packages\django\core\handlers\exception.py", line 42, in inner
    response = await get_response(request)
               ^^^^^^^^^^^^^^^^^^^^^^^^^^^
  File "C:\_proyectos\p-kab\back\venv\Lib\site-packages\asgiref\sync.py", line 552, in thread_handler
    raise exc_info[1]
  File "C:\_proyectos\p-kab\back\venv\Lib\site-packages\django\core\handlers\base.py", line 284, in _get_response_async
    response = await sync_to_async(
               ^^^^^^^^^^^^^^^^^^^^
        response.render, thread_sensitive=True
        ^^^^^^^^^^^^^^^^^^^^^^^^^^^^^^^^^^^^^^
    )()
    ^^^
  File "C:\_proyectos\p-kab\back\venv\Lib\site-packages\asgiref\sync.py", line 502, in __call__
    ret = await asyncio.shield(exec_coro)
          ^^^^^^^^^^^^^^^^^^^^^^^^^^^^^^^
  File "C:\_proyectos\p-kab\back\venv\Lib\site-packages\asgiref\current_thread_executor.py", line 40, in run
    result = self.fn(*self.args, **self.kwargs)
  File "C:\_proyectos\p-kab\back\venv\Lib\site-packages\asgiref\sync.py", line 556, in thread_handler
    return func(*args, **kwargs)
  File "C:\_proyectos\p-kab\back\venv\Lib\site-packages\django\template\response.py", line 114, in render
    self.content = self.rendered_content
                   ^^^^^^^^^^^^^^^^^^^^^
  File "C:\_proyectos\p-kab\back\venv\Lib\site-packages\rest_framework\response.py", line 74, in rendered_content
    ret = renderer.render(self.data, accepted_media_type, context)
  File "C:\_proyectos\p-kab\back\venv\Lib\site-packages\rest_framework\renderers.py", line 160, in render
    template = self.resolve_template(template_names)
  File "C:\_proyectos\p-kab\back\venv\Lib\site-packages\rest_framework\renderers.py", line 170, in resolve_template
    return loader.select_template(template_names)
           ~~~~~~~~~~~~~~~~~~~~~~^^^^^^^^^^^^^^^^
  File "C:\_proyectos\p-kab\back\venv\Lib\site-packages\django\template\loader.py", line 47, in select_template
    raise TemplateDoesNotExist(", ".join(template_name_list), chain=chain)
django.template.exceptions.TemplateDoesNotExist: drf_spectacular/swagger_ui.html
[2026-05-01 12:40:31,581] ERROR django.request Internal Server Error: /api/docs/
Traceback (most recent call last):
  File "C:\_proyectos\p-kab\back\venv\Lib\site-packages\asgiref\sync.py", line 552, in thread_handler
    raise exc_info[1]
  File "C:\_proyectos\p-kab\back\venv\Lib\site-packages\django\core\handlers\exception.py", line 42, in inner
    response = await get_response(request)
               ^^^^^^^^^^^^^^^^^^^^^^^^^^^
  File "C:\_proyectos\p-kab\back\venv\Lib\site-packages\asgiref\sync.py", line 552, in thread_handler
    raise exc_info[1]
  File "C:\_proyectos\p-kab\back\venv\Lib\site-packages\django\core\handlers\base.py", line 284, in _get_response_async
    response = await sync_to_async(
               ^^^^^^^^^^^^^^^^^^^^
        response.render, thread_sensitive=True
        ^^^^^^^^^^^^^^^^^^^^^^^^^^^^^^^^^^^^^^
    )()
    ^^^
  File "C:\_proyectos\p-kab\back\venv\Lib\site-packages\asgiref\sync.py", line 502, in __call__
    ret = await asyncio.shield(exec_coro)
          ^^^^^^^^^^^^^^^^^^^^^^^^^^^^^^^
  File "C:\_proyectos\p-kab\back\venv\Lib\site-packages\asgiref\current_thread_executor.py", line 40, in run
    result = self.fn(*self.args, **self.kwargs)
  File "C:\_proyectos\p-kab\back\venv\Lib\site-packages\asgiref\sync.py", line 556, in thread_handler
    return func(*args, **kwargs)
  File "C:\_proyectos\p-kab\back\venv\Lib\site-packages\django\template\response.py", line 114, in render
    self.content = self.rendered_content
                   ^^^^^^^^^^^^^^^^^^^^^
  File "C:\_proyectos\p-kab\back\venv\Lib\site-packages\rest_framework\response.py", line 74, in rendered_content
    ret = renderer.render(self.data, accepted_media_type, context)
  File "C:\_proyectos\p-kab\back\venv\Lib\site-packages\rest_framework\renderers.py", line 160, in render
    template = self.resolve_template(template_names)
  File "C:\_proyectos\p-kab\back\venv\Lib\site-packages\rest_framework\renderers.py", line 170, in resolve_template
    return loader.select_template(template_names)
           ~~~~~~~~~~~~~~~~~~~~~~^^^^^^^^^^^^^^^^
  File "C:\_proyectos\p-kab\back\venv\Lib\site-packages\django\template\loader.py", line 47, in select_template
    raise TemplateDoesNotExist(", ".join(template_name_list), chain=chain)
django.template.exceptions.TemplateDoesNotExist: drf_spectacular/swagger_ui.html
[2026-05-01 12:40:31,745] ERROR django.request Internal Server Error: /api/docs/
Traceback (most recent call last):
  File "C:\_proyectos\p-kab\back\venv\Lib\site-packages\asgiref\sync.py", line 552, in thread_handler
    raise exc_info[1]
  File "C:\_proyectos\p-kab\back\venv\Lib\site-packages\django\core\handlers\exception.py", line 42, in inner
    response = await get_response(request)
               ^^^^^^^^^^^^^^^^^^^^^^^^^^^
  File "C:\_proyectos\p-kab\back\venv\Lib\site-packages\asgiref\sync.py", line 552, in thread_handler
    raise exc_info[1]
  File "C:\_proyectos\p-kab\back\venv\Lib\site-packages\django\core\handlers\base.py", line 284, in _get_response_async
    response = await sync_to_async(
               ^^^^^^^^^^^^^^^^^^^^
        response.render, thread_sensitive=True
        ^^^^^^^^^^^^^^^^^^^^^^^^^^^^^^^^^^^^^^
    )()
    ^^^
  File "C:\_proyectos\p-kab\back\venv\Lib\site-packages\asgiref\sync.py", line 502, in __call__
    ret = await asyncio.shield(exec_coro)
          ^^^^^^^^^^^^^^^^^^^^^^^^^^^^^^^
  File "C:\_proyectos\p-kab\back\venv\Lib\site-packages\asgiref\current_thread_executor.py", line 40, in run
    result = self.fn(*self.args, **self.kwargs)
  File "C:\_proyectos\p-kab\back\venv\Lib\site-packages\asgiref\sync.py", line 556, in thread_handler
    return func(*args, **kwargs)
  File "C:\_proyectos\p-kab\back\venv\Lib\site-packages\django\template\response.py", line 114, in render
    self.content = self.rendered_content
                   ^^^^^^^^^^^^^^^^^^^^^
  File "C:\_proyectos\p-kab\back\venv\Lib\site-packages\rest_framework\response.py", line 74, in rendered_content
    ret = renderer.render(self.data, accepted_media_type, context)
  File "C:\_proyectos\p-kab\back\venv\Lib\site-packages\rest_framework\renderers.py", line 160, in render
    template = self.resolve_template(template_names)
  File "C:\_proyectos\p-kab\back\venv\Lib\site-packages\rest_framework\renderers.py", line 170, in resolve_template
    return loader.select_template(template_names)
           ~~~~~~~~~~~~~~~~~~~~~~^^^^^^^^^^^^^^^^
  File "C:\_proyectos\p-kab\back\venv\Lib\site-packages\django\template\loader.py", line 47, in select_template
    raise TemplateDoesNotExist(", ".join(template_name_list), chain=chain)
django.template.exceptions.TemplateDoesNotExist: drf_spectacular/swagger_ui.html
[2026-05-01 12:40:31,926] ERROR django.request Internal Server Error: /api/docs/
Traceback (most recent call last):
  File "C:\_proyectos\p-kab\back\venv\Lib\site-packages\asgiref\sync.py", line 552, in thread_handler
    raise exc_info[1]
  File "C:\_proyectos\p-kab\back\venv\Lib\site-packages\django\core\handlers\exception.py", line 42, in inner
    response = await get_response(request)
               ^^^^^^^^^^^^^^^^^^^^^^^^^^^
  File "C:\_proyectos\p-kab\back\venv\Lib\site-packages\asgiref\sync.py", line 552, in thread_handler
    raise exc_info[1]
  File "C:\_proyectos\p-kab\back\venv\Lib\site-packages\django\core\handlers\base.py", line 284, in _get_response_async
    response = await sync_to_async(
               ^^^^^^^^^^^^^^^^^^^^
        response.render, thread_sensitive=True
        ^^^^^^^^^^^^^^^^^^^^^^^^^^^^^^^^^^^^^^
    )()
    ^^^
  File "C:\_proyectos\p-kab\back\venv\Lib\site-packages\asgiref\sync.py", line 502, in __call__
    ret = await asyncio.shield(exec_coro)
          ^^^^^^^^^^^^^^^^^^^^^^^^^^^^^^^
  File "C:\_proyectos\p-kab\back\venv\Lib\site-packages\asgiref\current_thread_executor.py", line 40, in run
    result = self.fn(*self.args, **self.kwargs)
  File "C:\_proyectos\p-kab\back\venv\Lib\site-packages\asgiref\sync.py", line 556, in thread_handler
    return func(*args, **kwargs)
  File "C:\_proyectos\p-kab\back\venv\Lib\site-packages\django\template\response.py", line 114, in render
    self.content = self.rendered_content
                   ^^^^^^^^^^^^^^^^^^^^^
  File "C:\_proyectos\p-kab\back\venv\Lib\site-packages\rest_framework\response.py", line 74, in rendered_content
    ret = renderer.render(self.data, accepted_media_type, context)
  File "C:\_proyectos\p-kab\back\venv\Lib\site-packages\rest_framework\renderers.py", line 160, in render
    template = self.resolve_template(template_names)
  File "C:\_proyectos\p-kab\back\venv\Lib\site-packages\rest_framework\renderers.py", line 170, in resolve_template
    return loader.select_template(template_names)
           ~~~~~~~~~~~~~~~~~~~~~~^^^^^^^^^^^^^^^^
  File "C:\_proyectos\p-kab\back\venv\Lib\site-packages\django\template\loader.py", line 47, in select_template
    raise TemplateDoesNotExist(", ".join(template_name_list), chain=chain)
django.template.exceptions.TemplateDoesNotExist: drf_spectacular/swagger_ui.html
[2026-05-01 12:40:32,096] ERROR django.request Internal Server Error: /api/docs/
Traceback (most recent call last):
  File "C:\_proyectos\p-kab\back\venv\Lib\site-packages\asgiref\sync.py", line 552, in thread_handler
    raise exc_info[1]
  File "C:\_proyectos\p-kab\back\venv\Lib\site-packages\django\core\handlers\exception.py", line 42, in inner
    response = await get_response(request)
               ^^^^^^^^^^^^^^^^^^^^^^^^^^^
  File "C:\_proyectos\p-kab\back\venv\Lib\site-packages\asgiref\sync.py", line 552, in thread_handler
    raise exc_info[1]
  File "C:\_proyectos\p-kab\back\venv\Lib\site-packages\django\core\handlers\base.py", line 284, in _get_response_async
    response = await sync_to_async(
               ^^^^^^^^^^^^^^^^^^^^
        response.render, thread_sensitive=True
        ^^^^^^^^^^^^^^^^^^^^^^^^^^^^^^^^^^^^^^
    )()
    ^^^
  File "C:\_proyectos\p-kab\back\venv\Lib\site-packages\asgiref\sync.py", line 502, in __call__
    ret = await asyncio.shield(exec_coro)
          ^^^^^^^^^^^^^^^^^^^^^^^^^^^^^^^
  File "C:\_proyectos\p-kab\back\venv\Lib\site-packages\asgiref\current_thread_executor.py", line 40, in run
    result = self.fn(*self.args, **self.kwargs)
  File "C:\_proyectos\p-kab\back\venv\Lib\site-packages\asgiref\sync.py", line 556, in thread_handler
    return func(*args, **kwargs)
  File "C:\_proyectos\p-kab\back\venv\Lib\site-packages\django\template\response.py", line 114, in render
    self.content = self.rendered_content
                   ^^^^^^^^^^^^^^^^^^^^^
  File "C:\_proyectos\p-kab\back\venv\Lib\site-packages\rest_framework\response.py", line 74, in rendered_content
    ret = renderer.render(self.data, accepted_media_type, context)
  File "C:\_proyectos\p-kab\back\venv\Lib\site-packages\rest_framework\renderers.py", line 160, in render
    template = self.resolve_template(template_names)
  File "C:\_proyectos\p-kab\back\venv\Lib\site-packages\rest_framework\renderers.py", line 170, in resolve_template
    return loader.select_template(template_names)
           ~~~~~~~~~~~~~~~~~~~~~~^^^^^^^^^^^^^^^^
  File "C:\_proyectos\p-kab\back\venv\Lib\site-packages\django\template\loader.py", line 47, in select_template
    raise TemplateDoesNotExist(", ".join(template_name_list), chain=chain)
django.template.exceptions.TemplateDoesNotExist: drf_spectacular/swagger_ui.html
[2026-05-01 12:40:32,258] ERROR django.request Internal Server Error: /api/docs/
Traceback (most recent call last):
  File "C:\_proyectos\p-kab\back\venv\Lib\site-packages\asgiref\sync.py", line 552, in thread_handler
    raise exc_info[1]
  File "C:\_proyectos\p-kab\back\venv\Lib\site-packages\django\core\handlers\exception.py", line 42, in inner
    response = await get_response(request)
               ^^^^^^^^^^^^^^^^^^^^^^^^^^^
  File "C:\_proyectos\p-kab\back\venv\Lib\site-packages\asgiref\sync.py", line 552, in thread_handler
    raise exc_info[1]
  File "C:\_proyectos\p-kab\back\venv\Lib\site-packages\django\core\handlers\base.py", line 284, in _get_response_async
    response = await sync_to_async(
               ^^^^^^^^^^^^^^^^^^^^
        response.render, thread_sensitive=True
        ^^^^^^^^^^^^^^^^^^^^^^^^^^^^^^^^^^^^^^
    )()
    ^^^
  File "C:\_proyectos\p-kab\back\venv\Lib\site-packages\asgiref\sync.py", line 502, in __call__
    ret = await asyncio.shield(exec_coro)
          ^^^^^^^^^^^^^^^^^^^^^^^^^^^^^^^
  File "C:\_proyectos\p-kab\back\venv\Lib\site-packages\asgiref\current_thread_executor.py", line 40, in run
    result = self.fn(*self.args, **self.kwargs)
  File "C:\_proyectos\p-kab\back\venv\Lib\site-packages\asgiref\sync.py", line 556, in thread_handler
    return func(*args, **kwargs)
  File "C:\_proyectos\p-kab\back\venv\Lib\site-packages\django\template\response.py", line 114, in render
    self.content = self.rendered_content
                   ^^^^^^^^^^^^^^^^^^^^^
  File "C:\_proyectos\p-kab\back\venv\Lib\site-packages\rest_framework\response.py", line 74, in rendered_content
    ret = renderer.render(self.data, accepted_media_type, context)
  File "C:\_proyectos\p-kab\back\venv\Lib\site-packages\rest_framework\renderers.py", line 160, in render
    template = self.resolve_template(template_names)
  File "C:\_proyectos\p-kab\back\venv\Lib\site-packages\rest_framework\renderers.py", line 170, in resolve_template
    return loader.select_template(template_names)
           ~~~~~~~~~~~~~~~~~~~~~~^^^^^^^^^^^^^^^^
  File "C:\_proyectos\p-kab\back\venv\Lib\site-packages\django\template\loader.py", line 47, in select_template
    raise TemplateDoesNotExist(", ".join(template_name_list), chain=chain)
django.template.exceptions.TemplateDoesNotExist: drf_spectacular/swagger_ui.html
[2026-05-01 12:40:32,411] ERROR django.request Internal Server Error: /api/docs/
Traceback (most recent call last):
  File "C:\_proyectos\p-kab\back\venv\Lib\site-packages\asgiref\sync.py", line 552, in thread_handler
    raise exc_info[1]
  File "C:\_proyectos\p-kab\back\venv\Lib\site-packages\django\core\handlers\exception.py", line 42, in inner
    response = await get_response(request)
               ^^^^^^^^^^^^^^^^^^^^^^^^^^^
  File "C:\_proyectos\p-kab\back\venv\Lib\site-packages\asgiref\sync.py", line 552, in thread_handler
    raise exc_info[1]
  File "C:\_proyectos\p-kab\back\venv\Lib\site-packages\django\core\handlers\base.py", line 284, in _get_response_async
    response = await sync_to_async(
               ^^^^^^^^^^^^^^^^^^^^
        response.render, thread_sensitive=True
        ^^^^^^^^^^^^^^^^^^^^^^^^^^^^^^^^^^^^^^
    )()
    ^^^
  File "C:\_proyectos\p-kab\back\venv\Lib\site-packages\asgiref\sync.py", line 502, in __call__
    ret = await asyncio.shield(exec_coro)
          ^^^^^^^^^^^^^^^^^^^^^^^^^^^^^^^
  File "C:\_proyectos\p-kab\back\venv\Lib\site-packages\asgiref\current_thread_executor.py", line 40, in run
    result = self.fn(*self.args, **self.kwargs)
  File "C:\_proyectos\p-kab\back\venv\Lib\site-packages\asgiref\sync.py", line 556, in thread_handler
    return func(*args, **kwargs)
  File "C:\_proyectos\p-kab\back\venv\Lib\site-packages\django\template\response.py", line 114, in render
    self.content = self.rendered_content
                   ^^^^^^^^^^^^^^^^^^^^^
  File "C:\_proyectos\p-kab\back\venv\Lib\site-packages\rest_framework\response.py", line 74, in rendered_content
    ret = renderer.render(self.data, accepted_media_type, context)
  File "C:\_proyectos\p-kab\back\venv\Lib\site-packages\rest_framework\renderers.py", line 160, in render
    template = self.resolve_template(template_names)
  File "C:\_proyectos\p-kab\back\venv\Lib\site-packages\rest_framework\renderers.py", line 170, in resolve_template
    return loader.select_template(template_names)
           ~~~~~~~~~~~~~~~~~~~~~~^^^^^^^^^^^^^^^^
  File "C:\_proyectos\p-kab\back\venv\Lib\site-packages\django\template\loader.py", line 47, in select_template
    raise TemplateDoesNotExist(", ".join(template_name_list), chain=chain)
django.template.exceptions.TemplateDoesNotExist: drf_spectacular/swagger_ui.html
[2026-05-01 12:40:32,575] ERROR django.request Internal Server Error: /api/docs/
Traceback (most recent call last):
  File "C:\_proyectos\p-kab\back\venv\Lib\site-packages\asgiref\sync.py", line 552, in thread_handler
    raise exc_info[1]
  File "C:\_proyectos\p-kab\back\venv\Lib\site-packages\django\core\handlers\exception.py", line 42, in inner
    response = await get_response(request)
               ^^^^^^^^^^^^^^^^^^^^^^^^^^^
  File "C:\_proyectos\p-kab\back\venv\Lib\site-packages\asgiref\sync.py", line 552, in thread_handler
    raise exc_info[1]
  File "C:\_proyectos\p-kab\back\venv\Lib\site-packages\django\core\handlers\base.py", line 284, in _get_response_async
    response = await sync_to_async(
               ^^^^^^^^^^^^^^^^^^^^
        response.render, thread_sensitive=True
        ^^^^^^^^^^^^^^^^^^^^^^^^^^^^^^^^^^^^^^
    )()
    ^^^
  File "C:\_proyectos\p-kab\back\venv\Lib\site-packages\asgiref\sync.py", line 502, in __call__
    ret = await asyncio.shield(exec_coro)
          ^^^^^^^^^^^^^^^^^^^^^^^^^^^^^^^
  File "C:\_proyectos\p-kab\back\venv\Lib\site-packages\asgiref\current_thread_executor.py", line 40, in run
    result = self.fn(*self.args, **self.kwargs)
  File "C:\_proyectos\p-kab\back\venv\Lib\site-packages\asgiref\sync.py", line 556, in thread_handler
    return func(*args, **kwargs)
  File "C:\_proyectos\p-kab\back\venv\Lib\site-packages\django\template\response.py", line 114, in render
    self.content = self.rendered_content
                   ^^^^^^^^^^^^^^^^^^^^^
  File "C:\_proyectos\p-kab\back\venv\Lib\site-packages\rest_framework\response.py", line 74, in rendered_content
    ret = renderer.render(self.data, accepted_media_type, context)
  File "C:\_proyectos\p-kab\back\venv\Lib\site-packages\rest_framework\renderers.py", line 160, in render
    template = self.resolve_template(template_names)
  File "C:\_proyectos\p-kab\back\venv\Lib\site-packages\rest_framework\renderers.py", line 170, in resolve_template
    return loader.select_template(template_names)
           ~~~~~~~~~~~~~~~~~~~~~~^^^^^^^^^^^^^^^^
  File "C:\_proyectos\p-kab\back\venv\Lib\site-packages\django\template\loader.py", line 47, in select_template
    raise TemplateDoesNotExist(", ".join(template_name_list), chain=chain)
django.template.exceptions.TemplateDoesNotExist: drf_spectacular/swagger_ui.html
